
*** Running vivado
    with args -log design_1_wrapper.vds -m64 -product Vivado -mode batch -messageDb vivado.pb -notrace -source design_1_wrapper.tcl



****** Vivado v2023.1 (64-bit)
  **** SW Build 3865809 on Sun May  7 15:05:29 MDT 2023
  **** IP Build 3864474 on Sun May  7 20:36:21 MDT 2023
  **** SharedData Build 3865790 on Sun May 07 13:33:03 MDT 2023
    ** Copyright 1986-2022 Xilinx, Inc. All Rights Reserved.
    ** Copyright 2022-2023 Advanced Micro Devices, Inc. All Rights Reserved.

source design_1_wrapper.tcl -notrace
create_project: Time (s): cpu = 00:00:06 ; elapsed = 00:00:10 . Memory (MB): peak = 1497.492 ; gain = 197.453
INFO: [IP_Flow 19-234] Refreshing IP repositories
INFO: [IP_Flow 19-1700] Loaded user IP repository 'c:/FPGA_Projects/GroundHog/IP'.
INFO: [IP_Flow 19-1700] Loaded user IP repository 'c:/FPGA_Projects/ip_repo_lux'.
WARNING: [IP_Flow 19-3685] Ignored loading user repository 'c:/FPGA_Projects/GroundHog/IP/ip_repo'. The path is contained within another repository.
INFO: [IP_Flow 19-2313] Loaded Vivado IP repository 'E:/Vivado/2023.1/data/ip'.
add_files: Time (s): cpu = 00:00:01 ; elapsed = 00:00:07 . Memory (MB): peak = 1559.621 ; gain = 27.383
Command: read_checkpoint -auto_incremental -incremental C:/FPGA_Projects/GroundHog/LuxInterconnect/LuxInterconnect.srcs/utils_1/imports/synth_1/design_1_wrapper.dcp
INFO: [Vivado 12-5825] Read reference checkpoint from C:/FPGA_Projects/GroundHog/LuxInterconnect/LuxInterconnect.srcs/utils_1/imports/synth_1/design_1_wrapper.dcp for incremental synthesis
INFO: [Vivado 12-7989] Please ensure there are no constraint changes
Command: synth_design -top design_1_wrapper -part xc7a35tcpg236-1
Starting synth_design
Attempting to get a license for feature 'Synthesis' and/or device 'xc7a35t'
INFO: [Common 17-349] Got license for feature 'Synthesis' and/or device 'xc7a35t'
INFO: [Device 21-403] Loading part xc7a35tcpg236-1
INFO: [Designutils 20-5440] No compile time benefit to using incremental synthesis; A full resynthesis will be run
INFO: [Designutils 20-4379] Flow is switching to default flow due to incremental criteria not met. If you would like to alter this behaviour and have the flow terminate instead, please set the following parameter config_implementation {autoIncr.Synth.RejectBehavior Terminate}
INFO: [Synth 8-7079] Multithreading enabled for synth_design using a maximum of 2 processes.
INFO: [Synth 8-7078] Launching helper process for spawning children vivado processes
INFO: [Synth 8-7075] Helper process launched with PID 12928
---------------------------------------------------------------------------------
Starting RTL Elaboration : Time (s): cpu = 00:00:04 ; elapsed = 00:00:06 . Memory (MB): peak = 2355.379 ; gain = 410.316
---------------------------------------------------------------------------------
INFO: [Synth 8-6157] synthesizing module 'design_1_wrapper' [C:/FPGA_Projects/GroundHog/LuxInterconnect/LuxInterconnect.gen/sources_1/bd/design_1/hdl/design_1_wrapper.v:13]
INFO: [Synth 8-6157] synthesizing module 'design_1' [c:/FPGA_Projects/GroundHog/LuxInterconnect/LuxInterconnect.gen/sources_1/bd/design_1/synth/design_1.v:13]
INFO: [Synth 8-6157] synthesizing module 'design_1_axis_parameter_trans_0_1' [C:/FPGA_Projects/GroundHog/LuxInterconnect/LuxInterconnect.runs/synth_1/.Xil/Vivado-21412-DESKTOP-FM3EGBE/realtime/design_1_axis_parameter_trans_0_1_stub.v:6]
INFO: [Synth 8-6155] done synthesizing module 'design_1_axis_parameter_trans_0_1' (0#1) [C:/FPGA_Projects/GroundHog/LuxInterconnect/LuxInterconnect.runs/synth_1/.Xil/Vivado-21412-DESKTOP-FM3EGBE/realtime/design_1_axis_parameter_trans_0_1_stub.v:6]
INFO: [Synth 8-6157] synthesizing module 'design_1_c_counter_binary_0_0' [C:/FPGA_Projects/GroundHog/LuxInterconnect/LuxInterconnect.runs/synth_1/.Xil/Vivado-21412-DESKTOP-FM3EGBE/realtime/design_1_c_counter_binary_0_0_stub.v:6]
INFO: [Synth 8-6155] done synthesizing module 'design_1_c_counter_binary_0_0' (0#1) [C:/FPGA_Projects/GroundHog/LuxInterconnect/LuxInterconnect.runs/synth_1/.Xil/Vivado-21412-DESKTOP-FM3EGBE/realtime/design_1_c_counter_binary_0_0_stub.v:6]
INFO: [Synth 8-6157] synthesizing module 'design_1_clk_wiz_0_0' [C:/FPGA_Projects/GroundHog/LuxInterconnect/LuxInterconnect.runs/synth_1/.Xil/Vivado-21412-DESKTOP-FM3EGBE/realtime/design_1_clk_wiz_0_0_stub.v:6]
INFO: [Synth 8-6155] done synthesizing module 'design_1_clk_wiz_0_0' (0#1) [C:/FPGA_Projects/GroundHog/LuxInterconnect/LuxInterconnect.runs/synth_1/.Xil/Vivado-21412-DESKTOP-FM3EGBE/realtime/design_1_clk_wiz_0_0_stub.v:6]
WARNING: [Synth 8-7071] port 'spi_hdwr_ckl' of module 'design_1_clk_wiz_0_0' is unconnected for instance 'clk_wiz_0' [c:/FPGA_Projects/GroundHog/LuxInterconnect/LuxInterconnect.gen/sources_1/bd/design_1/synth/design_1.v:82]
WARNING: [Synth 8-7023] instance 'clk_wiz_0' of module 'design_1_clk_wiz_0_0' has 3 connections declared, but only 2 given [c:/FPGA_Projects/GroundHog/LuxInterconnect/LuxInterconnect.gen/sources_1/bd/design_1/synth/design_1.v:82]
INFO: [Synth 8-6157] synthesizing module 'design_1_xlconstant_0_0' [c:/FPGA_Projects/GroundHog/LuxInterconnect/LuxInterconnect.gen/sources_1/bd/design_1/ip/design_1_xlconstant_0_0/synth/design_1_xlconstant_0_0.v:53]
INFO: [Synth 8-6157] synthesizing module 'xlconstant_v1_1_7_xlconstant' [c:/FPGA_Projects/GroundHog/LuxInterconnect/LuxInterconnect.gen/sources_1/bd/design_1/ipshared/b0f2/hdl/xlconstant_v1_1_vl_rfs.v:23]
INFO: [Synth 8-6155] done synthesizing module 'xlconstant_v1_1_7_xlconstant' (0#1) [c:/FPGA_Projects/GroundHog/LuxInterconnect/LuxInterconnect.gen/sources_1/bd/design_1/ipshared/b0f2/hdl/xlconstant_v1_1_vl_rfs.v:23]
INFO: [Synth 8-6155] done synthesizing module 'design_1_xlconstant_0_0' (0#1) [c:/FPGA_Projects/GroundHog/LuxInterconnect/LuxInterconnect.gen/sources_1/bd/design_1/ip/design_1_xlconstant_0_0/synth/design_1_xlconstant_0_0.v:53]
INFO: [Synth 8-6157] synthesizing module 'design_1_encoder_counter_0_0' [C:/FPGA_Projects/GroundHog/LuxInterconnect/LuxInterconnect.runs/synth_1/.Xil/Vivado-21412-DESKTOP-FM3EGBE/realtime/design_1_encoder_counter_0_0_stub.v:6]
INFO: [Synth 8-6155] done synthesizing module 'design_1_encoder_counter_0_0' (0#1) [C:/FPGA_Projects/GroundHog/LuxInterconnect/LuxInterconnect.runs/synth_1/.Xil/Vivado-21412-DESKTOP-FM3EGBE/realtime/design_1_encoder_counter_0_0_stub.v:6]
INFO: [Synth 8-6157] synthesizing module 'design_1_encoder_counter_incr_1_0' [C:/FPGA_Projects/GroundHog/LuxInterconnect/LuxInterconnect.runs/synth_1/.Xil/Vivado-21412-DESKTOP-FM3EGBE/realtime/design_1_encoder_counter_incr_1_0_stub.v:6]
INFO: [Synth 8-6155] done synthesizing module 'design_1_encoder_counter_incr_1_0' (0#1) [C:/FPGA_Projects/GroundHog/LuxInterconnect/LuxInterconnect.runs/synth_1/.Xil/Vivado-21412-DESKTOP-FM3EGBE/realtime/design_1_encoder_counter_incr_1_0_stub.v:6]
WARNING: [Synth 8-4446] all outputs are unconnected for this instance and logic may be removed [c:/FPGA_Projects/GroundHog/LuxInterconnect/LuxInterconnect.gen/sources_1/bd/design_1/synth/design_1.v:100]
INFO: [Synth 8-6157] synthesizing module 'design_1_ila_0_0' [C:/FPGA_Projects/GroundHog/LuxInterconnect/LuxInterconnect.runs/synth_1/.Xil/Vivado-21412-DESKTOP-FM3EGBE/realtime/design_1_ila_0_0_stub.v:6]
INFO: [Synth 8-6155] done synthesizing module 'design_1_ila_0_0' (0#1) [C:/FPGA_Projects/GroundHog/LuxInterconnect/LuxInterconnect.runs/synth_1/.Xil/Vivado-21412-DESKTOP-FM3EGBE/realtime/design_1_ila_0_0_stub.v:6]
INFO: [Synth 8-6157] synthesizing module 'design_1_st7735_axi_spi_tmp_0_1' [C:/FPGA_Projects/GroundHog/LuxInterconnect/LuxInterconnect.runs/synth_1/.Xil/Vivado-21412-DESKTOP-FM3EGBE/realtime/design_1_st7735_axi_spi_tmp_0_1_stub.v:6]
INFO: [Synth 8-6155] done synthesizing module 'design_1_st7735_axi_spi_tmp_0_1' (0#1) [C:/FPGA_Projects/GroundHog/LuxInterconnect/LuxInterconnect.runs/synth_1/.Xil/Vivado-21412-DESKTOP-FM3EGBE/realtime/design_1_st7735_axi_spi_tmp_0_1_stub.v:6]
INFO: [Synth 8-6157] synthesizing module 'design_1_var_ultra_lux_0_0' [C:/FPGA_Projects/GroundHog/LuxInterconnect/LuxInterconnect.runs/synth_1/.Xil/Vivado-21412-DESKTOP-FM3EGBE/realtime/design_1_var_ultra_lux_0_0_stub.v:6]
INFO: [Synth 8-6155] done synthesizing module 'design_1_var_ultra_lux_0_0' (0#1) [C:/FPGA_Projects/GroundHog/LuxInterconnect/LuxInterconnect.runs/synth_1/.Xil/Vivado-21412-DESKTOP-FM3EGBE/realtime/design_1_var_ultra_lux_0_0_stub.v:6]
INFO: [Synth 8-6157] synthesizing module 'design_1_xlconstant_1_0' [c:/FPGA_Projects/GroundHog/LuxInterconnect/LuxInterconnect.gen/sources_1/bd/design_1/ip/design_1_xlconstant_1_0/synth/design_1_xlconstant_1_0.v:53]
INFO: [Synth 8-6157] synthesizing module 'xlconstant_v1_1_7_xlconstant__parameterized0' [c:/FPGA_Projects/GroundHog/LuxInterconnect/LuxInterconnect.gen/sources_1/bd/design_1/ipshared/b0f2/hdl/xlconstant_v1_1_vl_rfs.v:23]
INFO: [Synth 8-6155] done synthesizing module 'xlconstant_v1_1_7_xlconstant__parameterized0' (0#1) [c:/FPGA_Projects/GroundHog/LuxInterconnect/LuxInterconnect.gen/sources_1/bd/design_1/ipshared/b0f2/hdl/xlconstant_v1_1_vl_rfs.v:23]
INFO: [Synth 8-6155] done synthesizing module 'design_1_xlconstant_1_0' (0#1) [c:/FPGA_Projects/GroundHog/LuxInterconnect/LuxInterconnect.gen/sources_1/bd/design_1/ip/design_1_xlconstant_1_0/synth/design_1_xlconstant_1_0.v:53]
INFO: [Synth 8-6157] synthesizing module 'design_1_xlconstant_2_0' [c:/FPGA_Projects/GroundHog/LuxInterconnect/LuxInterconnect.gen/sources_1/bd/design_1/ip/design_1_xlconstant_2_0/synth/design_1_xlconstant_2_0.v:53]
INFO: [Synth 8-6155] done synthesizing module 'design_1_xlconstant_2_0' (0#1) [c:/FPGA_Projects/GroundHog/LuxInterconnect/LuxInterconnect.gen/sources_1/bd/design_1/ip/design_1_xlconstant_2_0/synth/design_1_xlconstant_2_0.v:53]
INFO: [Synth 8-6157] synthesizing module 'design_1_xlconstant_3_0' [c:/FPGA_Projects/GroundHog/LuxInterconnect/LuxInterconnect.gen/sources_1/bd/design_1/ip/design_1_xlconstant_3_0/synth/design_1_xlconstant_3_0.v:53]
INFO: [Synth 8-6157] synthesizing module 'xlconstant_v1_1_7_xlconstant__parameterized1' [c:/FPGA_Projects/GroundHog/LuxInterconnect/LuxInterconnect.gen/sources_1/bd/design_1/ipshared/b0f2/hdl/xlconstant_v1_1_vl_rfs.v:23]
INFO: [Synth 8-6155] done synthesizing module 'xlconstant_v1_1_7_xlconstant__parameterized1' (0#1) [c:/FPGA_Projects/GroundHog/LuxInterconnect/LuxInterconnect.gen/sources_1/bd/design_1/ipshared/b0f2/hdl/xlconstant_v1_1_vl_rfs.v:23]
INFO: [Synth 8-6155] done synthesizing module 'design_1_xlconstant_3_0' (0#1) [c:/FPGA_Projects/GroundHog/LuxInterconnect/LuxInterconnect.gen/sources_1/bd/design_1/ip/design_1_xlconstant_3_0/synth/design_1_xlconstant_3_0.v:53]
INFO: [Synth 8-6157] synthesizing module 'design_1_xlslice_0_1' [c:/FPGA_Projects/GroundHog/LuxInterconnect/LuxInterconnect.gen/sources_1/bd/design_1/ip/design_1_xlslice_0_1/synth/design_1_xlslice_0_1.v:53]
INFO: [Synth 8-6157] synthesizing module 'xlslice_v1_0_2_xlslice' [c:/FPGA_Projects/GroundHog/LuxInterconnect/LuxInterconnect.gen/sources_1/bd/design_1/ipshared/11d0/hdl/xlslice_v1_0_vl_rfs.v:13]
INFO: [Synth 8-6155] done synthesizing module 'xlslice_v1_0_2_xlslice' (0#1) [c:/FPGA_Projects/GroundHog/LuxInterconnect/LuxInterconnect.gen/sources_1/bd/design_1/ipshared/11d0/hdl/xlslice_v1_0_vl_rfs.v:13]
INFO: [Synth 8-6155] done synthesizing module 'design_1_xlslice_0_1' (0#1) [c:/FPGA_Projects/GroundHog/LuxInterconnect/LuxInterconnect.gen/sources_1/bd/design_1/ip/design_1_xlslice_0_1/synth/design_1_xlslice_0_1.v:53]
INFO: [Synth 8-6155] done synthesizing module 'design_1' (0#1) [c:/FPGA_Projects/GroundHog/LuxInterconnect/LuxInterconnect.gen/sources_1/bd/design_1/synth/design_1.v:13]
INFO: [Synth 8-6155] done synthesizing module 'design_1_wrapper' (0#1) [C:/FPGA_Projects/GroundHog/LuxInterconnect/LuxInterconnect.gen/sources_1/bd/design_1/hdl/design_1_wrapper.v:13]
INFO: [Synth 8-6071] Mark debug on the nets applies keep_hierarchy on instance 'encoder_counter_incr_1'. This will prevent further optimization [c:/FPGA_Projects/GroundHog/LuxInterconnect/LuxInterconnect.gen/sources_1/bd/design_1/synth/design_1.v:92]
INFO: [Synth 8-6071] Mark debug on the nets applies keep_hierarchy on instance 'ila_0'. This will prevent further optimization [c:/FPGA_Projects/GroundHog/LuxInterconnect/LuxInterconnect.gen/sources_1/bd/design_1/synth/design_1.v:100]
INFO: [Synth 8-6071] Mark debug on the nets applies keep_hierarchy on instance 'var_ultra_lux_0'. This will prevent further optimization [c:/FPGA_Projects/GroundHog/LuxInterconnect/LuxInterconnect.gen/sources_1/bd/design_1/synth/design_1.v:114]
WARNING: [Synth 8-7129] Port Din[24] in module xlslice_v1_0_2_xlslice is either unconnected or has no load
WARNING: [Synth 8-7129] Port Din[23] in module xlslice_v1_0_2_xlslice is either unconnected or has no load
WARNING: [Synth 8-7129] Port Din[22] in module xlslice_v1_0_2_xlslice is either unconnected or has no load
WARNING: [Synth 8-7129] Port Din[21] in module xlslice_v1_0_2_xlslice is either unconnected or has no load
WARNING: [Synth 8-7129] Port Din[20] in module xlslice_v1_0_2_xlslice is either unconnected or has no load
WARNING: [Synth 8-7129] Port Din[19] in module xlslice_v1_0_2_xlslice is either unconnected or has no load
WARNING: [Synth 8-7129] Port Din[18] in module xlslice_v1_0_2_xlslice is either unconnected or has no load
WARNING: [Synth 8-7129] Port Din[17] in module xlslice_v1_0_2_xlslice is either unconnected or has no load
WARNING: [Synth 8-7129] Port Din[16] in module xlslice_v1_0_2_xlslice is either unconnected or has no load
WARNING: [Synth 8-7129] Port Din[15] in module xlslice_v1_0_2_xlslice is either unconnected or has no load
WARNING: [Synth 8-7129] Port Din[14] in module xlslice_v1_0_2_xlslice is either unconnected or has no load
WARNING: [Synth 8-7129] Port Din[13] in module xlslice_v1_0_2_xlslice is either unconnected or has no load
WARNING: [Synth 8-7129] Port Din[12] in module xlslice_v1_0_2_xlslice is either unconnected or has no load
WARNING: [Synth 8-7129] Port Din[10] in module xlslice_v1_0_2_xlslice is either unconnected or has no load
WARNING: [Synth 8-7129] Port Din[9] in module xlslice_v1_0_2_xlslice is either unconnected or has no load
WARNING: [Synth 8-7129] Port Din[8] in module xlslice_v1_0_2_xlslice is either unconnected or has no load
WARNING: [Synth 8-7129] Port Din[7] in module xlslice_v1_0_2_xlslice is either unconnected or has no load
WARNING: [Synth 8-7129] Port Din[6] in module xlslice_v1_0_2_xlslice is either unconnected or has no load
WARNING: [Synth 8-7129] Port Din[5] in module xlslice_v1_0_2_xlslice is either unconnected or has no load
WARNING: [Synth 8-7129] Port Din[4] in module xlslice_v1_0_2_xlslice is either unconnected or has no load
WARNING: [Synth 8-7129] Port Din[3] in module xlslice_v1_0_2_xlslice is either unconnected or has no load
WARNING: [Synth 8-7129] Port Din[2] in module xlslice_v1_0_2_xlslice is either unconnected or has no load
WARNING: [Synth 8-7129] Port Din[1] in module xlslice_v1_0_2_xlslice is either unconnected or has no load
WARNING: [Synth 8-7129] Port Din[0] in module xlslice_v1_0_2_xlslice is either unconnected or has no load
---------------------------------------------------------------------------------
Finished RTL Elaboration : Time (s): cpu = 00:00:05 ; elapsed = 00:00:08 . Memory (MB): peak = 2449.379 ; gain = 504.316
---------------------------------------------------------------------------------
---------------------------------------------------------------------------------
Start Handling Custom Attributes
---------------------------------------------------------------------------------
---------------------------------------------------------------------------------
Finished Handling Custom Attributes : Time (s): cpu = 00:00:05 ; elapsed = 00:00:08 . Memory (MB): peak = 2467.273 ; gain = 522.211
---------------------------------------------------------------------------------
---------------------------------------------------------------------------------
Finished RTL Optimization Phase 1 : Time (s): cpu = 00:00:05 ; elapsed = 00:00:08 . Memory (MB): peak = 2467.273 ; gain = 522.211
---------------------------------------------------------------------------------
Netlist sorting complete. Time (s): cpu = 00:00:00 ; elapsed = 00:00:00.003 . Memory (MB): peak = 2467.273 ; gain = 0.000
INFO: [Project 1-570] Preparing netlist for logic optimization

Processing XDC Constraints
Initializing timing engine
Parsing XDC File [c:/FPGA_Projects/GroundHog/LuxInterconnect/LuxInterconnect.gen/sources_1/bd/design_1/ip/design_1_clk_wiz_0_0/design_1_clk_wiz_0_0/design_1_clk_wiz_0_0_in_context.xdc] for cell 'design_1_i/clk_wiz_0'
Finished Parsing XDC File [c:/FPGA_Projects/GroundHog/LuxInterconnect/LuxInterconnect.gen/sources_1/bd/design_1/ip/design_1_clk_wiz_0_0/design_1_clk_wiz_0_0/design_1_clk_wiz_0_0_in_context.xdc] for cell 'design_1_i/clk_wiz_0'
Parsing XDC File [c:/FPGA_Projects/GroundHog/LuxInterconnect/LuxInterconnect.gen/sources_1/bd/design_1/ip/design_1_encoder_counter_0_0/design_1_encoder_counter_0_0/design_1_encoder_counter_0_0_in_context.xdc] for cell 'design_1_i/encoder_counter_0'
Finished Parsing XDC File [c:/FPGA_Projects/GroundHog/LuxInterconnect/LuxInterconnect.gen/sources_1/bd/design_1/ip/design_1_encoder_counter_0_0/design_1_encoder_counter_0_0/design_1_encoder_counter_0_0_in_context.xdc] for cell 'design_1_i/encoder_counter_0'
Parsing XDC File [c:/FPGA_Projects/GroundHog/LuxInterconnect/LuxInterconnect.gen/sources_1/bd/design_1/ip/design_1_c_counter_binary_0_0/design_1_c_counter_binary_0_0/design_1_c_counter_binary_0_0_in_context.xdc] for cell 'design_1_i/c_counter_binary_0'
Finished Parsing XDC File [c:/FPGA_Projects/GroundHog/LuxInterconnect/LuxInterconnect.gen/sources_1/bd/design_1/ip/design_1_c_counter_binary_0_0/design_1_c_counter_binary_0_0/design_1_c_counter_binary_0_0_in_context.xdc] for cell 'design_1_i/c_counter_binary_0'
Parsing XDC File [c:/FPGA_Projects/GroundHog/LuxInterconnect/LuxInterconnect.gen/sources_1/bd/design_1/ip/design_1_axis_parameter_trans_0_1/design_1_axis_parameter_trans_0_1/design_1_axis_parameter_trans_0_1_in_context.xdc] for cell 'design_1_i/axis_parameter_trans_0'
Finished Parsing XDC File [c:/FPGA_Projects/GroundHog/LuxInterconnect/LuxInterconnect.gen/sources_1/bd/design_1/ip/design_1_axis_parameter_trans_0_1/design_1_axis_parameter_trans_0_1/design_1_axis_parameter_trans_0_1_in_context.xdc] for cell 'design_1_i/axis_parameter_trans_0'
Parsing XDC File [c:/FPGA_Projects/GroundHog/LuxInterconnect/LuxInterconnect.gen/sources_1/bd/design_1/ip/design_1_st7735_axi_spi_tmp_0_1/design_1_st7735_axi_spi_tmp_0_1/design_1_st7735_axi_spi_tmp_0_1_in_context.xdc] for cell 'design_1_i/st7735_axi_spi_tmp_0'
Finished Parsing XDC File [c:/FPGA_Projects/GroundHog/LuxInterconnect/LuxInterconnect.gen/sources_1/bd/design_1/ip/design_1_st7735_axi_spi_tmp_0_1/design_1_st7735_axi_spi_tmp_0_1/design_1_st7735_axi_spi_tmp_0_1_in_context.xdc] for cell 'design_1_i/st7735_axi_spi_tmp_0'
Parsing XDC File [c:/FPGA_Projects/GroundHog/LuxInterconnect/LuxInterconnect.gen/sources_1/bd/design_1/ip/design_1_ila_0_0/design_1_ila_0_0/design_1_ila_1_0_in_context.xdc] for cell 'design_1_i/ila_0'
Finished Parsing XDC File [c:/FPGA_Projects/GroundHog/LuxInterconnect/LuxInterconnect.gen/sources_1/bd/design_1/ip/design_1_ila_0_0/design_1_ila_0_0/design_1_ila_1_0_in_context.xdc] for cell 'design_1_i/ila_0'
Parsing XDC File [c:/FPGA_Projects/GroundHog/LuxInterconnect/LuxInterconnect.gen/sources_1/bd/design_1/ip/design_1_var_ultra_lux_0_0/design_1_var_ultra_lux_0_0/design_1_var_ultra_lux_0_0_in_context.xdc] for cell 'design_1_i/var_ultra_lux_0'
Finished Parsing XDC File [c:/FPGA_Projects/GroundHog/LuxInterconnect/LuxInterconnect.gen/sources_1/bd/design_1/ip/design_1_var_ultra_lux_0_0/design_1_var_ultra_lux_0_0/design_1_var_ultra_lux_0_0_in_context.xdc] for cell 'design_1_i/var_ultra_lux_0'
Parsing XDC File [c:/FPGA_Projects/GroundHog/LuxInterconnect/LuxInterconnect.gen/sources_1/bd/design_1/ip/design_1_encoder_counter_incr_1_0/design_1_encoder_counter_incr_1_0/design_1_encoder_counter_incr_1_0_in_context.xdc] for cell 'design_1_i/encoder_counter_incr_1'
Finished Parsing XDC File [c:/FPGA_Projects/GroundHog/LuxInterconnect/LuxInterconnect.gen/sources_1/bd/design_1/ip/design_1_encoder_counter_incr_1_0/design_1_encoder_counter_incr_1_0/design_1_encoder_counter_incr_1_0_in_context.xdc] for cell 'design_1_i/encoder_counter_incr_1'
Parsing XDC File [C:/FPGA_Projects/GroundHog/LuxInterconnect/LuxInterconnect.srcs/constrs_1/imports/sources/Basys-3-Master.xdc]
WARNING: [Vivado 12-584] No ports matched 'encoder_input[1]'. [C:/FPGA_Projects/GroundHog/LuxInterconnect/LuxInterconnect.srcs/constrs_1/imports/sources/Basys-3-Master.xdc:212]
WARNING: [Vivado 12-584] No ports matched 'encoder_input[0]'. [C:/FPGA_Projects/GroundHog/LuxInterconnect/LuxInterconnect.srcs/constrs_1/imports/sources/Basys-3-Master.xdc:213]
WARNING: [Vivado 12-584] No ports matched 'encoder_input[1]'. [C:/FPGA_Projects/GroundHog/LuxInterconnect/LuxInterconnect.srcs/constrs_1/imports/sources/Basys-3-Master.xdc:214]
WARNING: [Vivado 12-584] No ports matched 'encoder_input[0]'. [C:/FPGA_Projects/GroundHog/LuxInterconnect/LuxInterconnect.srcs/constrs_1/imports/sources/Basys-3-Master.xdc:215]
Finished Parsing XDC File [C:/FPGA_Projects/GroundHog/LuxInterconnect/LuxInterconnect.srcs/constrs_1/imports/sources/Basys-3-Master.xdc]
WARNING: [Project 1-498] One or more constraints failed evaluation while reading constraint file [C:/FPGA_Projects/GroundHog/LuxInterconnect/LuxInterconnect.srcs/constrs_1/imports/sources/Basys-3-Master.xdc] and the design contains unresolved black boxes. These constraints will be read post-synthesis (as long as their source constraint file is marked as used_in_implementation) and should be applied correctly then. You should review the constraints listed in the file [.Xil/design_1_wrapper_propImpl.xdc] and check the run log file to verify that these constraints were correctly applied.
INFO: [Project 1-236] Implementation specific constraints were found while reading constraint file [C:/FPGA_Projects/GroundHog/LuxInterconnect/LuxInterconnect.srcs/constrs_1/imports/sources/Basys-3-Master.xdc]. These constraints will be ignored for synthesis but will be used in implementation. Impacted constraints are listed in the file [.Xil/design_1_wrapper_propImpl.xdc].
Resolution: To avoid this warning, move constraints listed in [.Xil/design_1_wrapper_propImpl.xdc] to another XDC file and exclude this new file from synthesis with the used_in_synthesis property (File Properties dialog in GUI) and re-run elaboration/synthesis.
Parsing XDC File [C:/FPGA_Projects/GroundHog/LuxInterconnect/LuxInterconnect.runs/synth_1/dont_touch.xdc]
Finished Parsing XDC File [C:/FPGA_Projects/GroundHog/LuxInterconnect/LuxInterconnect.runs/synth_1/dont_touch.xdc]
Completed Processing XDC Constraints

Netlist sorting complete. Time (s): cpu = 00:00:00 ; elapsed = 00:00:00 . Memory (MB): peak = 2495.168 ; gain = 0.000
INFO: [Project 1-111] Unisim Transformation Summary:
No Unisim elements were transformed.

Constraint Validation Runtime : Time (s): cpu = 00:00:00 ; elapsed = 00:00:00.006 . Memory (MB): peak = 2495.168 ; gain = 0.000
INFO: [Designutils 20-5440] No compile time benefit to using incremental synthesis; A full resynthesis will be run
INFO: [Designutils 20-4379] Flow is switching to default flow due to incremental criteria not met. If you would like to alter this behaviour and have the flow terminate instead, please set the following parameter config_implementation {autoIncr.Synth.RejectBehavior Terminate}
---------------------------------------------------------------------------------
Finished Constraint Validation : Time (s): cpu = 00:00:10 ; elapsed = 00:00:17 . Memory (MB): peak = 2495.168 ; gain = 550.105
---------------------------------------------------------------------------------
---------------------------------------------------------------------------------
Start Loading Part and Timing Information
---------------------------------------------------------------------------------
Loading part: xc7a35tcpg236-1
---------------------------------------------------------------------------------
Finished Loading Part and Timing Information : Time (s): cpu = 00:00:10 ; elapsed = 00:00:17 . Memory (MB): peak = 2495.168 ; gain = 550.105
---------------------------------------------------------------------------------
---------------------------------------------------------------------------------
Start Applying 'set_property' XDC Constraints
---------------------------------------------------------------------------------
Applied set_property IO_BUFFER_TYPE = NONE for clk. (constraint file  c:/FPGA_Projects/GroundHog/LuxInterconnect/LuxInterconnect.gen/sources_1/bd/design_1/ip/design_1_clk_wiz_0_0/design_1_clk_wiz_0_0/design_1_clk_wiz_0_0_in_context.xdc, line 4).
Applied set_property CLOCK_BUFFER_TYPE = NONE for clk. (constraint file  c:/FPGA_Projects/GroundHog/LuxInterconnect/LuxInterconnect.gen/sources_1/bd/design_1/ip/design_1_clk_wiz_0_0/design_1_clk_wiz_0_0/design_1_clk_wiz_0_0_in_context.xdc, line 5).
Applied set_property KEEP_HIERARCHY = SOFT for design_1_i. (constraint file  auto generated constraint).
Applied set_property KEEP_HIERARCHY = SOFT for design_1_i/clk_wiz_0. (constraint file  auto generated constraint).
Applied set_property KEEP_HIERARCHY = SOFT for design_1_i/encoder_counter_0. (constraint file  auto generated constraint).
Applied set_property KEEP_HIERARCHY = SOFT for design_1_i/xlconstant_1. (constraint file  auto generated constraint).
Applied set_property KEEP_HIERARCHY = SOFT for design_1_i/c_counter_binary_0. (constraint file  auto generated constraint).
Applied set_property KEEP_HIERARCHY = SOFT for design_1_i/xlconstant_2. (constraint file  auto generated constraint).
Applied set_property KEEP_HIERARCHY = SOFT for design_1_i/xlconstant_3. (constraint file  auto generated constraint).
Applied set_property KEEP_HIERARCHY = SOFT for design_1_i/xlslice_0. (constraint file  auto generated constraint).
Applied set_property KEEP_HIERARCHY = SOFT for design_1_i/axis_parameter_trans_0. (constraint file  auto generated constraint).
Applied set_property KEEP_HIERARCHY = SOFT for design_1_i/st7735_axi_spi_tmp_0. (constraint file  auto generated constraint).
Applied set_property KEEP_HIERARCHY = SOFT for design_1_i/default_freq. (constraint file  auto generated constraint).
Applied set_property KEEP_HIERARCHY = SOFT for design_1_i/ila_0. (constraint file  auto generated constraint).
Applied set_property KEEP_HIERARCHY = SOFT for design_1_i/var_ultra_lux_0. (constraint file  auto generated constraint).
Applied set_property KEEP_HIERARCHY = SOFT for design_1_i/encoder_counter_incr_1. (constraint file  auto generated constraint).
---------------------------------------------------------------------------------
Finished applying 'set_property' XDC Constraints : Time (s): cpu = 00:00:10 ; elapsed = 00:00:17 . Memory (MB): peak = 2495.168 ; gain = 550.105
---------------------------------------------------------------------------------
---------------------------------------------------------------------------------
Finished RTL Optimization Phase 2 : Time (s): cpu = 00:00:10 ; elapsed = 00:00:17 . Memory (MB): peak = 2495.168 ; gain = 550.105
---------------------------------------------------------------------------------
---------------------------------------------------------------------------------
Start RTL Component Statistics 
---------------------------------------------------------------------------------
Detailed RTL Component Info : 
---------------------------------------------------------------------------------
Finished RTL Component Statistics 
---------------------------------------------------------------------------------
---------------------------------------------------------------------------------
Start Part Resource Summary
---------------------------------------------------------------------------------
Part Resources:
DSPs: 90 (col length:60)
BRAMs: 100 (col length: RAMB18 60 RAMB36 30)
---------------------------------------------------------------------------------
Finished Part Resource Summary
---------------------------------------------------------------------------------
---------------------------------------------------------------------------------
Start Cross Boundary and Area Optimization
---------------------------------------------------------------------------------
WARNING: [Synth 8-7080] Parallel synthesis criteria is not met
WARNING: [Synth 8-7129] Port Din[24] in module design_1_xlslice_0_1 is either unconnected or has no load
WARNING: [Synth 8-7129] Port Din[23] in module design_1_xlslice_0_1 is either unconnected or has no load
WARNING: [Synth 8-7129] Port Din[22] in module design_1_xlslice_0_1 is either unconnected or has no load
WARNING: [Synth 8-7129] Port Din[21] in module design_1_xlslice_0_1 is either unconnected or has no load
WARNING: [Synth 8-7129] Port Din[20] in module design_1_xlslice_0_1 is either unconnected or has no load
WARNING: [Synth 8-7129] Port Din[19] in module design_1_xlslice_0_1 is either unconnected or has no load
WARNING: [Synth 8-7129] Port Din[18] in module design_1_xlslice_0_1 is either unconnected or has no load
WARNING: [Synth 8-7129] Port Din[17] in module design_1_xlslice_0_1 is either unconnected or has no load
WARNING: [Synth 8-7129] Port Din[16] in module design_1_xlslice_0_1 is either unconnected or has no load
WARNING: [Synth 8-7129] Port Din[15] in module design_1_xlslice_0_1 is either unconnected or has no load
WARNING: [Synth 8-7129] Port Din[14] in module design_1_xlslice_0_1 is either unconnected or has no load
WARNING: [Synth 8-7129] Port Din[13] in module design_1_xlslice_0_1 is either unconnected or has no load
WARNING: [Synth 8-7129] Port Din[12] in module design_1_xlslice_0_1 is either unconnected or has no load
WARNING: [Synth 8-7129] Port Din[10] in module design_1_xlslice_0_1 is either unconnected or has no load
WARNING: [Synth 8-7129] Port Din[9] in module design_1_xlslice_0_1 is either unconnected or has no load
WARNING: [Synth 8-7129] Port Din[8] in module design_1_xlslice_0_1 is either unconnected or has no load
WARNING: [Synth 8-7129] Port Din[7] in module design_1_xlslice_0_1 is either unconnected or has no load
WARNING: [Synth 8-7129] Port Din[6] in module design_1_xlslice_0_1 is either unconnected or has no load
WARNING: [Synth 8-7129] Port Din[5] in module design_1_xlslice_0_1 is either unconnected or has no load
WARNING: [Synth 8-7129] Port Din[4] in module design_1_xlslice_0_1 is either unconnected or has no load
WARNING: [Synth 8-7129] Port Din[3] in module design_1_xlslice_0_1 is either unconnected or has no load
WARNING: [Synth 8-7129] Port Din[2] in module design_1_xlslice_0_1 is either unconnected or has no load
WARNING: [Synth 8-7129] Port Din[1] in module design_1_xlslice_0_1 is either unconnected or has no load
WARNING: [Synth 8-7129] Port Din[0] in module design_1_xlslice_0_1 is either unconnected or has no load
---------------------------------------------------------------------------------
Finished Cross Boundary and Area Optimization : Time (s): cpu = 00:00:11 ; elapsed = 00:00:20 . Memory (MB): peak = 2495.168 ; gain = 550.105
---------------------------------------------------------------------------------
---------------------------------------------------------------------------------
Start Applying XDC Timing Constraints
---------------------------------------------------------------------------------
---------------------------------------------------------------------------------
Finished Applying XDC Timing Constraints : Time (s): cpu = 00:00:15 ; elapsed = 00:00:26 . Memory (MB): peak = 2495.168 ; gain = 550.105
---------------------------------------------------------------------------------
---------------------------------------------------------------------------------
Start Timing Optimization
---------------------------------------------------------------------------------
---------------------------------------------------------------------------------
Finished Timing Optimization : Time (s): cpu = 00:00:15 ; elapsed = 00:00:26 . Memory (MB): peak = 2495.168 ; gain = 550.105
---------------------------------------------------------------------------------
---------------------------------------------------------------------------------
Start Technology Mapping
---------------------------------------------------------------------------------
---------------------------------------------------------------------------------
Finished Technology Mapping : Time (s): cpu = 00:00:15 ; elapsed = 00:00:26 . Memory (MB): peak = 2495.168 ; gain = 550.105
---------------------------------------------------------------------------------
---------------------------------------------------------------------------------
Start IO Insertion
---------------------------------------------------------------------------------
---------------------------------------------------------------------------------
Start Flattening Before IO Insertion
---------------------------------------------------------------------------------
---------------------------------------------------------------------------------
Finished Flattening Before IO Insertion
---------------------------------------------------------------------------------
---------------------------------------------------------------------------------
Start Final Netlist Cleanup
---------------------------------------------------------------------------------
---------------------------------------------------------------------------------
Finished Final Netlist Cleanup
---------------------------------------------------------------------------------
---------------------------------------------------------------------------------
Finished IO Insertion : Time (s): cpu = 00:00:18 ; elapsed = 00:00:31 . Memory (MB): peak = 2495.168 ; gain = 550.105
---------------------------------------------------------------------------------
---------------------------------------------------------------------------------
Start Renaming Generated Instances
---------------------------------------------------------------------------------
---------------------------------------------------------------------------------
Finished Renaming Generated Instances : Time (s): cpu = 00:00:18 ; elapsed = 00:00:31 . Memory (MB): peak = 2495.168 ; gain = 550.105
---------------------------------------------------------------------------------
---------------------------------------------------------------------------------
Start Rebuilding User Hierarchy
---------------------------------------------------------------------------------
---------------------------------------------------------------------------------
Finished Rebuilding User Hierarchy : Time (s): cpu = 00:00:18 ; elapsed = 00:00:31 . Memory (MB): peak = 2495.168 ; gain = 550.105
---------------------------------------------------------------------------------
---------------------------------------------------------------------------------
Start Renaming Generated Ports
---------------------------------------------------------------------------------
---------------------------------------------------------------------------------
Finished Renaming Generated Ports : Time (s): cpu = 00:00:18 ; elapsed = 00:00:31 . Memory (MB): peak = 2495.168 ; gain = 550.105
---------------------------------------------------------------------------------
---------------------------------------------------------------------------------
Start Handling Custom Attributes
---------------------------------------------------------------------------------
---------------------------------------------------------------------------------
Finished Handling Custom Attributes : Time (s): cpu = 00:00:18 ; elapsed = 00:00:31 . Memory (MB): peak = 2495.168 ; gain = 550.105
---------------------------------------------------------------------------------
---------------------------------------------------------------------------------
Start Renaming Generated Nets
---------------------------------------------------------------------------------
---------------------------------------------------------------------------------
Finished Renaming Generated Nets : Time (s): cpu = 00:00:18 ; elapsed = 00:00:31 . Memory (MB): peak = 2495.168 ; gain = 550.105
---------------------------------------------------------------------------------
---------------------------------------------------------------------------------
Start Writing Synthesis Report
---------------------------------------------------------------------------------

Report BlackBoxes: 
+------+----------------------------------+----------+
|      |BlackBox name                     |Instances |
+------+----------------------------------+----------+
|1     |design_1_axis_parameter_trans_0_1 |         1|
|2     |design_1_c_counter_binary_0_0     |         1|
|3     |design_1_clk_wiz_0_0              |         1|
|4     |design_1_encoder_counter_0_0      |         1|
|5     |design_1_encoder_counter_incr_1_0 |         1|
|6     |design_1_ila_0_0                  |         1|
|7     |design_1_st7735_axi_spi_tmp_0_1   |         1|
|8     |design_1_var_ultra_lux_0_0        |         1|
+------+----------------------------------+----------+

Report Cell Usage: 
+------+--------------------------------+------+
|      |Cell                            |Count |
+------+--------------------------------+------+
|1     |design_1_axis_parameter_trans_0 |     1|
|2     |design_1_c_counter_binary_0     |     1|
|3     |design_1_clk_wiz_0              |     1|
|4     |design_1_encoder_counter_0      |     1|
|5     |design_1_encoder_counter_incr_1 |     1|
|6     |design_1_ila_0                  |     1|
|7     |design_1_st7735_axi_spi_tmp_0   |     1|
|8     |design_1_var_ultra_lux_0        |     1|
|9     |IBUF                            |     5|
|10    |OBUF                            |     8|
+------+--------------------------------+------+
---------------------------------------------------------------------------------
Finished Writing Synthesis Report : Time (s): cpu = 00:00:18 ; elapsed = 00:00:31 . Memory (MB): peak = 2495.168 ; gain = 550.105
---------------------------------------------------------------------------------
Synthesis finished with 0 errors, 0 critical warnings and 25 warnings.
Synthesis Optimization Runtime : Time (s): cpu = 00:00:12 ; elapsed = 00:00:29 . Memory (MB): peak = 2495.168 ; gain = 522.211
Synthesis Optimization Complete : Time (s): cpu = 00:00:18 ; elapsed = 00:00:31 . Memory (MB): peak = 2495.168 ; gain = 550.105
INFO: [Project 1-571] Translating synthesized netlist
Netlist sorting complete. Time (s): cpu = 00:00:00 ; elapsed = 00:00:00.001 . Memory (MB): peak = 2495.168 ; gain = 0.000
INFO: [Project 1-570] Preparing netlist for logic optimization
INFO: [Opt 31-138] Pushed 0 inverter(s) to 0 load pin(s).
Netlist sorting complete. Time (s): cpu = 00:00:00 ; elapsed = 00:00:00 . Memory (MB): peak = 2495.168 ; gain = 0.000
INFO: [Project 1-111] Unisim Transformation Summary:
No Unisim elements were transformed.

Synth Design complete | Checksum: 8bd36557
INFO: [Common 17-83] Releasing license: Synthesis
64 Infos, 58 Warnings, 0 Critical Warnings and 0 Errors encountered.
synth_design completed successfully
synth_design: Time (s): cpu = 00:00:20 ; elapsed = 00:00:37 . Memory (MB): peak = 2495.168 ; gain = 921.254
INFO: [Common 17-600] The following parameters have non-default value.
tcl.collectionResultDisplayLimit
INFO: [Common 17-1381] The checkpoint 'C:/FPGA_Projects/GroundHog/LuxInterconnect/LuxInterconnect.runs/synth_1/design_1_wrapper.dcp' has been generated.
INFO: [runtcl-4] Executing : report_utilization -file design_1_wrapper_utilization_synth.rpt -pb design_1_wrapper_utilization_synth.pb
INFO: [Common 17-206] Exiting Vivado at Mon Oct 14 12:36:13 2024...
