Copyright 1986-2022 Xilinx, Inc. All Rights Reserved. Copyright 2022-2023 Advanced Micro Devices, Inc. All Rights Reserved.
--------------------------------------------------------------------------------------------------------------------------------------------------------------------------------------
| Tool Version : Vivado v.2023.1 (win64) Build 3865809 Sun May  7 15:05:29 MDT 2023
| Date         : Fri Oct 25 15:53:55 2024
| Host         : DESKTOP-FM3EGBE running 64-bit major release  (build 9200)
| Command      : report_methodology -file design_1_wrapper_methodology_drc_routed.rpt -pb design_1_wrapper_methodology_drc_routed.pb -rpx design_1_wrapper_methodology_drc_routed.rpx
| Design       : design_1_wrapper
| Device       : xc7a35tcpg236-1
| Speed File   : -1
| Design State : Fully Routed
--------------------------------------------------------------------------------------------------------------------------------------------------------------------------------------

Report Methodology

Table of Contents
-----------------
1. REPORT SUMMARY
2. REPORT DETAILS

1. REPORT SUMMARY
-----------------
            Netlist: netlist
          Floorplan: design_1
      Design limits: <entire design considered>
             Max violations: <unlimited>
             Violations found: 36
+-----------+------------------+------------------------------------------------------------------+------------+
| Rule      | Severity         | Description                                                      | Violations |
+-----------+------------------+------------------------------------------------------------------+------------+
| TIMING-6  | Critical Warning | No common primary clock between related clocks                   | 2          |
| TIMING-16 | Warning          | Large setup violation                                            | 32         |
| TIMING-56 | Warning          | Missing logically or physically excluded clock groups constraint | 2          |
+-----------+------------------+------------------------------------------------------------------+------------+

2. REPORT DETAILS
-----------------
TIMING-6#1 Critical Warning
No common primary clock between related clocks  
The clocks lux_and_proc_clock_design_1_clk_wiz_0_0 and lux_and_proc_clock_design_1_clk_wiz_0_0_1 are related (timed together) but they have no common primary clock. The design could fail in hardware. To find a timing path between these clocks, run the following command: report_timing -from [get_clocks lux_and_proc_clock_design_1_clk_wiz_0_0] -to [get_clocks lux_and_proc_clock_design_1_clk_wiz_0_0_1]
Related violations: <none>

TIMING-6#2 Critical Warning
No common primary clock between related clocks  
The clocks lux_and_proc_clock_design_1_clk_wiz_0_0_1 and lux_and_proc_clock_design_1_clk_wiz_0_0 are related (timed together) but they have no common primary clock. The design could fail in hardware. To find a timing path between these clocks, run the following command: report_timing -from [get_clocks lux_and_proc_clock_design_1_clk_wiz_0_0_1] -to [get_clocks lux_and_proc_clock_design_1_clk_wiz_0_0]
Related violations: <none>

TIMING-16#1 Warning
Large setup violation  
There is a large setup violation of -16.414 ns between design_1_i/c_addsub_0/U0/xst_addsub/i_baseblox.i_baseblox_addsub/no_pipelining.the_addsub/i_lut6.i_lut6_addsub/i_q.i_simple.qreg/i_no_async_controls.output_reg[32]_replica_1/C (clocked by lux_and_proc_clock_design_1_clk_wiz_0_0) and design_1_i/phase_increment_calc_0/inst/phase_output_reg[0]/D (clocked by lux_and_proc_clock_design_1_clk_wiz_0_0_1). Large setup violations at the end of those stages might be difficult to fix during the post-placement implementation flow and could be the result of non-optimal XDC constraints or non-optimal design architecture
Related violations: <none>

TIMING-16#2 Warning
Large setup violation  
There is a large setup violation of -16.591 ns between design_1_i/c_addsub_0/U0/xst_addsub/i_baseblox.i_baseblox_addsub/no_pipelining.the_addsub/i_lut6.i_lut6_addsub/i_q.i_simple.qreg/i_no_async_controls.output_reg[32]_replica_1/C (clocked by lux_and_proc_clock_design_1_clk_wiz_0_0) and design_1_i/phase_increment_calc_0/inst/phase_output_reg[1]/D (clocked by lux_and_proc_clock_design_1_clk_wiz_0_0_1). Large setup violations at the end of those stages might be difficult to fix during the post-placement implementation flow and could be the result of non-optimal XDC constraints or non-optimal design architecture
Related violations: <none>

TIMING-16#3 Warning
Large setup violation  
There is a large setup violation of -16.714 ns between design_1_i/c_addsub_0/U0/xst_addsub/i_baseblox.i_baseblox_addsub/no_pipelining.the_addsub/i_lut6.i_lut6_addsub/i_q.i_simple.qreg/i_no_async_controls.output_reg[32]_replica_1/C (clocked by lux_and_proc_clock_design_1_clk_wiz_0_0) and design_1_i/phase_increment_calc_0/inst/phase_output_reg[2]/D (clocked by lux_and_proc_clock_design_1_clk_wiz_0_0_1). Large setup violations at the end of those stages might be difficult to fix during the post-placement implementation flow and could be the result of non-optimal XDC constraints or non-optimal design architecture
Related violations: <none>

TIMING-16#4 Warning
Large setup violation  
There is a large setup violation of -16.773 ns between design_1_i/c_addsub_0/U0/xst_addsub/i_baseblox.i_baseblox_addsub/no_pipelining.the_addsub/i_lut6.i_lut6_addsub/i_q.i_simple.qreg/i_no_async_controls.output_reg[32]_replica_1/C (clocked by lux_and_proc_clock_design_1_clk_wiz_0_0) and design_1_i/phase_increment_calc_0/inst/phase_output_reg[3]/D (clocked by lux_and_proc_clock_design_1_clk_wiz_0_0_1). Large setup violations at the end of those stages might be difficult to fix during the post-placement implementation flow and could be the result of non-optimal XDC constraints or non-optimal design architecture
Related violations: <none>

TIMING-16#5 Warning
Large setup violation  
There is a large setup violation of -16.924 ns between design_1_i/c_addsub_0/U0/xst_addsub/i_baseblox.i_baseblox_addsub/no_pipelining.the_addsub/i_lut6.i_lut6_addsub/i_q.i_simple.qreg/i_no_async_controls.output_reg[32]_replica_1/C (clocked by lux_and_proc_clock_design_1_clk_wiz_0_0) and design_1_i/phase_increment_calc_0/inst/phase_output_reg[4]/D (clocked by lux_and_proc_clock_design_1_clk_wiz_0_0_1). Large setup violations at the end of those stages might be difficult to fix during the post-placement implementation flow and could be the result of non-optimal XDC constraints or non-optimal design architecture
Related violations: <none>

TIMING-16#6 Warning
Large setup violation  
There is a large setup violation of -16.940 ns between design_1_i/c_addsub_0/U0/xst_addsub/i_baseblox.i_baseblox_addsub/no_pipelining.the_addsub/i_lut6.i_lut6_addsub/i_q.i_simple.qreg/i_no_async_controls.output_reg[32]_replica_1/C (clocked by lux_and_proc_clock_design_1_clk_wiz_0_0) and design_1_i/phase_increment_calc_0/inst/phase_output_reg[6]/D (clocked by lux_and_proc_clock_design_1_clk_wiz_0_0_1). Large setup violations at the end of those stages might be difficult to fix during the post-placement implementation flow and could be the result of non-optimal XDC constraints or non-optimal design architecture
Related violations: <none>

TIMING-16#7 Warning
Large setup violation  
There is a large setup violation of -17.014 ns between design_1_i/c_addsub_0/U0/xst_addsub/i_baseblox.i_baseblox_addsub/no_pipelining.the_addsub/i_lut6.i_lut6_addsub/i_q.i_simple.qreg/i_no_async_controls.output_reg[32]_replica_1/C (clocked by lux_and_proc_clock_design_1_clk_wiz_0_0) and design_1_i/phase_increment_calc_0/inst/phase_output_reg[7]/D (clocked by lux_and_proc_clock_design_1_clk_wiz_0_0_1). Large setup violations at the end of those stages might be difficult to fix during the post-placement implementation flow and could be the result of non-optimal XDC constraints or non-optimal design architecture
Related violations: <none>

TIMING-16#8 Warning
Large setup violation  
There is a large setup violation of -17.035 ns between design_1_i/c_addsub_0/U0/xst_addsub/i_baseblox.i_baseblox_addsub/no_pipelining.the_addsub/i_lut6.i_lut6_addsub/i_q.i_simple.qreg/i_no_async_controls.output_reg[32]_replica_1/C (clocked by lux_and_proc_clock_design_1_clk_wiz_0_0) and design_1_i/phase_increment_calc_0/inst/phase_output_reg[5]/D (clocked by lux_and_proc_clock_design_1_clk_wiz_0_0_1). Large setup violations at the end of those stages might be difficult to fix during the post-placement implementation flow and could be the result of non-optimal XDC constraints or non-optimal design architecture
Related violations: <none>

TIMING-16#9 Warning
Large setup violation  
There is a large setup violation of -17.039 ns between design_1_i/c_addsub_0/U0/xst_addsub/i_baseblox.i_baseblox_addsub/no_pipelining.the_addsub/i_lut6.i_lut6_addsub/i_q.i_simple.qreg/i_no_async_controls.output_reg[32]_replica_1/C (clocked by lux_and_proc_clock_design_1_clk_wiz_0_0) and design_1_i/phase_increment_calc_0/inst/phase_output_reg[8]/D (clocked by lux_and_proc_clock_design_1_clk_wiz_0_0_1). Large setup violations at the end of those stages might be difficult to fix during the post-placement implementation flow and could be the result of non-optimal XDC constraints or non-optimal design architecture
Related violations: <none>

TIMING-16#10 Warning
Large setup violation  
There is a large setup violation of -17.055 ns between design_1_i/c_addsub_0/U0/xst_addsub/i_baseblox.i_baseblox_addsub/no_pipelining.the_addsub/i_lut6.i_lut6_addsub/i_q.i_simple.qreg/i_no_async_controls.output_reg[32]_replica_1/C (clocked by lux_and_proc_clock_design_1_clk_wiz_0_0) and design_1_i/phase_increment_calc_0/inst/phase_output_reg[10]/D (clocked by lux_and_proc_clock_design_1_clk_wiz_0_0_1). Large setup violations at the end of those stages might be difficult to fix during the post-placement implementation flow and could be the result of non-optimal XDC constraints or non-optimal design architecture
Related violations: <none>

TIMING-16#11 Warning
Large setup violation  
There is a large setup violation of -17.129 ns between design_1_i/c_addsub_0/U0/xst_addsub/i_baseblox.i_baseblox_addsub/no_pipelining.the_addsub/i_lut6.i_lut6_addsub/i_q.i_simple.qreg/i_no_async_controls.output_reg[32]_replica_1/C (clocked by lux_and_proc_clock_design_1_clk_wiz_0_0) and design_1_i/phase_increment_calc_0/inst/phase_output_reg[11]/D (clocked by lux_and_proc_clock_design_1_clk_wiz_0_0_1). Large setup violations at the end of those stages might be difficult to fix during the post-placement implementation flow and could be the result of non-optimal XDC constraints or non-optimal design architecture
Related violations: <none>

TIMING-16#12 Warning
Large setup violation  
There is a large setup violation of -17.150 ns between design_1_i/c_addsub_0/U0/xst_addsub/i_baseblox.i_baseblox_addsub/no_pipelining.the_addsub/i_lut6.i_lut6_addsub/i_q.i_simple.qreg/i_no_async_controls.output_reg[32]_replica_1/C (clocked by lux_and_proc_clock_design_1_clk_wiz_0_0) and design_1_i/phase_increment_calc_0/inst/phase_output_reg[9]/D (clocked by lux_and_proc_clock_design_1_clk_wiz_0_0_1). Large setup violations at the end of those stages might be difficult to fix during the post-placement implementation flow and could be the result of non-optimal XDC constraints or non-optimal design architecture
Related violations: <none>

TIMING-16#13 Warning
Large setup violation  
There is a large setup violation of -17.153 ns between design_1_i/c_addsub_0/U0/xst_addsub/i_baseblox.i_baseblox_addsub/no_pipelining.the_addsub/i_lut6.i_lut6_addsub/i_q.i_simple.qreg/i_no_async_controls.output_reg[32]_replica_1/C (clocked by lux_and_proc_clock_design_1_clk_wiz_0_0) and design_1_i/phase_increment_calc_0/inst/phase_output_reg[12]/D (clocked by lux_and_proc_clock_design_1_clk_wiz_0_0_1). Large setup violations at the end of those stages might be difficult to fix during the post-placement implementation flow and could be the result of non-optimal XDC constraints or non-optimal design architecture
Related violations: <none>

TIMING-16#14 Warning
Large setup violation  
There is a large setup violation of -17.169 ns between design_1_i/c_addsub_0/U0/xst_addsub/i_baseblox.i_baseblox_addsub/no_pipelining.the_addsub/i_lut6.i_lut6_addsub/i_q.i_simple.qreg/i_no_async_controls.output_reg[32]_replica_1/C (clocked by lux_and_proc_clock_design_1_clk_wiz_0_0) and design_1_i/phase_increment_calc_0/inst/phase_output_reg[14]/D (clocked by lux_and_proc_clock_design_1_clk_wiz_0_0_1). Large setup violations at the end of those stages might be difficult to fix during the post-placement implementation flow and could be the result of non-optimal XDC constraints or non-optimal design architecture
Related violations: <none>

TIMING-16#15 Warning
Large setup violation  
There is a large setup violation of -17.243 ns between design_1_i/c_addsub_0/U0/xst_addsub/i_baseblox.i_baseblox_addsub/no_pipelining.the_addsub/i_lut6.i_lut6_addsub/i_q.i_simple.qreg/i_no_async_controls.output_reg[32]_replica_1/C (clocked by lux_and_proc_clock_design_1_clk_wiz_0_0) and design_1_i/phase_increment_calc_0/inst/phase_output_reg[15]/D (clocked by lux_and_proc_clock_design_1_clk_wiz_0_0_1). Large setup violations at the end of those stages might be difficult to fix during the post-placement implementation flow and could be the result of non-optimal XDC constraints or non-optimal design architecture
Related violations: <none>

TIMING-16#16 Warning
Large setup violation  
There is a large setup violation of -17.264 ns between design_1_i/c_addsub_0/U0/xst_addsub/i_baseblox.i_baseblox_addsub/no_pipelining.the_addsub/i_lut6.i_lut6_addsub/i_q.i_simple.qreg/i_no_async_controls.output_reg[32]_replica_1/C (clocked by lux_and_proc_clock_design_1_clk_wiz_0_0) and design_1_i/phase_increment_calc_0/inst/phase_output_reg[13]/D (clocked by lux_and_proc_clock_design_1_clk_wiz_0_0_1). Large setup violations at the end of those stages might be difficult to fix during the post-placement implementation flow and could be the result of non-optimal XDC constraints or non-optimal design architecture
Related violations: <none>

TIMING-16#17 Warning
Large setup violation  
There is a large setup violation of -17.268 ns between design_1_i/c_addsub_0/U0/xst_addsub/i_baseblox.i_baseblox_addsub/no_pipelining.the_addsub/i_lut6.i_lut6_addsub/i_q.i_simple.qreg/i_no_async_controls.output_reg[32]_replica_1/C (clocked by lux_and_proc_clock_design_1_clk_wiz_0_0) and design_1_i/phase_increment_calc_0/inst/phase_output_reg[16]/D (clocked by lux_and_proc_clock_design_1_clk_wiz_0_0_1). Large setup violations at the end of those stages might be difficult to fix during the post-placement implementation flow and could be the result of non-optimal XDC constraints or non-optimal design architecture
Related violations: <none>

TIMING-16#18 Warning
Large setup violation  
There is a large setup violation of -17.284 ns between design_1_i/c_addsub_0/U0/xst_addsub/i_baseblox.i_baseblox_addsub/no_pipelining.the_addsub/i_lut6.i_lut6_addsub/i_q.i_simple.qreg/i_no_async_controls.output_reg[32]_replica_1/C (clocked by lux_and_proc_clock_design_1_clk_wiz_0_0) and design_1_i/phase_increment_calc_0/inst/phase_output_reg[18]/D (clocked by lux_and_proc_clock_design_1_clk_wiz_0_0_1). Large setup violations at the end of those stages might be difficult to fix during the post-placement implementation flow and could be the result of non-optimal XDC constraints or non-optimal design architecture
Related violations: <none>

TIMING-16#19 Warning
Large setup violation  
There is a large setup violation of -17.358 ns between design_1_i/c_addsub_0/U0/xst_addsub/i_baseblox.i_baseblox_addsub/no_pipelining.the_addsub/i_lut6.i_lut6_addsub/i_q.i_simple.qreg/i_no_async_controls.output_reg[32]_replica_1/C (clocked by lux_and_proc_clock_design_1_clk_wiz_0_0) and design_1_i/phase_increment_calc_0/inst/phase_output_reg[19]/D (clocked by lux_and_proc_clock_design_1_clk_wiz_0_0_1). Large setup violations at the end of those stages might be difficult to fix during the post-placement implementation flow and could be the result of non-optimal XDC constraints or non-optimal design architecture
Related violations: <none>

TIMING-16#20 Warning
Large setup violation  
There is a large setup violation of -17.379 ns between design_1_i/c_addsub_0/U0/xst_addsub/i_baseblox.i_baseblox_addsub/no_pipelining.the_addsub/i_lut6.i_lut6_addsub/i_q.i_simple.qreg/i_no_async_controls.output_reg[32]_replica_1/C (clocked by lux_and_proc_clock_design_1_clk_wiz_0_0) and design_1_i/phase_increment_calc_0/inst/phase_output_reg[17]/D (clocked by lux_and_proc_clock_design_1_clk_wiz_0_0_1). Large setup violations at the end of those stages might be difficult to fix during the post-placement implementation flow and could be the result of non-optimal XDC constraints or non-optimal design architecture
Related violations: <none>

TIMING-16#21 Warning
Large setup violation  
There is a large setup violation of -17.384 ns between design_1_i/c_addsub_0/U0/xst_addsub/i_baseblox.i_baseblox_addsub/no_pipelining.the_addsub/i_lut6.i_lut6_addsub/i_q.i_simple.qreg/i_no_async_controls.output_reg[32]_replica_1/C (clocked by lux_and_proc_clock_design_1_clk_wiz_0_0) and design_1_i/phase_increment_calc_0/inst/phase_output_reg[20]/D (clocked by lux_and_proc_clock_design_1_clk_wiz_0_0). Large setup violations at the end of those stages might be difficult to fix during the post-placement implementation flow and could be the result of non-optimal XDC constraints or non-optimal design architecture
Related violations: <none>

TIMING-16#22 Warning
Large setup violation  
There is a large setup violation of -17.400 ns between design_1_i/c_addsub_0/U0/xst_addsub/i_baseblox.i_baseblox_addsub/no_pipelining.the_addsub/i_lut6.i_lut6_addsub/i_q.i_simple.qreg/i_no_async_controls.output_reg[32]_replica_1/C (clocked by lux_and_proc_clock_design_1_clk_wiz_0_0) and design_1_i/phase_increment_calc_0/inst/phase_output_reg[22]/D (clocked by lux_and_proc_clock_design_1_clk_wiz_0_0). Large setup violations at the end of those stages might be difficult to fix during the post-placement implementation flow and could be the result of non-optimal XDC constraints or non-optimal design architecture
Related violations: <none>

TIMING-16#23 Warning
Large setup violation  
There is a large setup violation of -17.474 ns between design_1_i/c_addsub_0/U0/xst_addsub/i_baseblox.i_baseblox_addsub/no_pipelining.the_addsub/i_lut6.i_lut6_addsub/i_q.i_simple.qreg/i_no_async_controls.output_reg[32]_replica_1/C (clocked by lux_and_proc_clock_design_1_clk_wiz_0_0) and design_1_i/phase_increment_calc_0/inst/phase_output_reg[23]/D (clocked by lux_and_proc_clock_design_1_clk_wiz_0_0). Large setup violations at the end of those stages might be difficult to fix during the post-placement implementation flow and could be the result of non-optimal XDC constraints or non-optimal design architecture
Related violations: <none>

TIMING-16#24 Warning
Large setup violation  
There is a large setup violation of -17.495 ns between design_1_i/c_addsub_0/U0/xst_addsub/i_baseblox.i_baseblox_addsub/no_pipelining.the_addsub/i_lut6.i_lut6_addsub/i_q.i_simple.qreg/i_no_async_controls.output_reg[32]_replica_1/C (clocked by lux_and_proc_clock_design_1_clk_wiz_0_0) and design_1_i/phase_increment_calc_0/inst/phase_output_reg[21]/D (clocked by lux_and_proc_clock_design_1_clk_wiz_0_0). Large setup violations at the end of those stages might be difficult to fix during the post-placement implementation flow and could be the result of non-optimal XDC constraints or non-optimal design architecture
Related violations: <none>

TIMING-16#25 Warning
Large setup violation  
There is a large setup violation of -17.499 ns between design_1_i/c_addsub_0/U0/xst_addsub/i_baseblox.i_baseblox_addsub/no_pipelining.the_addsub/i_lut6.i_lut6_addsub/i_q.i_simple.qreg/i_no_async_controls.output_reg[32]_replica_1/C (clocked by lux_and_proc_clock_design_1_clk_wiz_0_0) and design_1_i/phase_increment_calc_0/inst/phase_output_reg[24]/D (clocked by lux_and_proc_clock_design_1_clk_wiz_0_0). Large setup violations at the end of those stages might be difficult to fix during the post-placement implementation flow and could be the result of non-optimal XDC constraints or non-optimal design architecture
Related violations: <none>

TIMING-16#26 Warning
Large setup violation  
There is a large setup violation of -17.515 ns between design_1_i/c_addsub_0/U0/xst_addsub/i_baseblox.i_baseblox_addsub/no_pipelining.the_addsub/i_lut6.i_lut6_addsub/i_q.i_simple.qreg/i_no_async_controls.output_reg[32]_replica_1/C (clocked by lux_and_proc_clock_design_1_clk_wiz_0_0) and design_1_i/phase_increment_calc_0/inst/phase_output_reg[26]/D (clocked by lux_and_proc_clock_design_1_clk_wiz_0_0). Large setup violations at the end of those stages might be difficult to fix during the post-placement implementation flow and could be the result of non-optimal XDC constraints or non-optimal design architecture
Related violations: <none>

TIMING-16#27 Warning
Large setup violation  
There is a large setup violation of -17.589 ns between design_1_i/c_addsub_0/U0/xst_addsub/i_baseblox.i_baseblox_addsub/no_pipelining.the_addsub/i_lut6.i_lut6_addsub/i_q.i_simple.qreg/i_no_async_controls.output_reg[32]_replica_1/C (clocked by lux_and_proc_clock_design_1_clk_wiz_0_0) and design_1_i/phase_increment_calc_0/inst/phase_output_reg[27]/D (clocked by lux_and_proc_clock_design_1_clk_wiz_0_0). Large setup violations at the end of those stages might be difficult to fix during the post-placement implementation flow and could be the result of non-optimal XDC constraints or non-optimal design architecture
Related violations: <none>

TIMING-16#28 Warning
Large setup violation  
There is a large setup violation of -17.610 ns between design_1_i/c_addsub_0/U0/xst_addsub/i_baseblox.i_baseblox_addsub/no_pipelining.the_addsub/i_lut6.i_lut6_addsub/i_q.i_simple.qreg/i_no_async_controls.output_reg[32]_replica_1/C (clocked by lux_and_proc_clock_design_1_clk_wiz_0_0) and design_1_i/phase_increment_calc_0/inst/phase_output_reg[25]/D (clocked by lux_and_proc_clock_design_1_clk_wiz_0_0). Large setup violations at the end of those stages might be difficult to fix during the post-placement implementation flow and could be the result of non-optimal XDC constraints or non-optimal design architecture
Related violations: <none>

TIMING-16#29 Warning
Large setup violation  
There is a large setup violation of -17.615 ns between design_1_i/c_addsub_0/U0/xst_addsub/i_baseblox.i_baseblox_addsub/no_pipelining.the_addsub/i_lut6.i_lut6_addsub/i_q.i_simple.qreg/i_no_async_controls.output_reg[32]_replica_1/C (clocked by lux_and_proc_clock_design_1_clk_wiz_0_0) and design_1_i/phase_increment_calc_0/inst/phase_output_reg[28]/D (clocked by lux_and_proc_clock_design_1_clk_wiz_0_0). Large setup violations at the end of those stages might be difficult to fix during the post-placement implementation flow and could be the result of non-optimal XDC constraints or non-optimal design architecture
Related violations: <none>

TIMING-16#30 Warning
Large setup violation  
There is a large setup violation of -17.631 ns between design_1_i/c_addsub_0/U0/xst_addsub/i_baseblox.i_baseblox_addsub/no_pipelining.the_addsub/i_lut6.i_lut6_addsub/i_q.i_simple.qreg/i_no_async_controls.output_reg[32]_replica_1/C (clocked by lux_and_proc_clock_design_1_clk_wiz_0_0) and design_1_i/phase_increment_calc_0/inst/phase_output_reg[30]/D (clocked by lux_and_proc_clock_design_1_clk_wiz_0_0). Large setup violations at the end of those stages might be difficult to fix during the post-placement implementation flow and could be the result of non-optimal XDC constraints or non-optimal design architecture
Related violations: <none>

TIMING-16#31 Warning
Large setup violation  
There is a large setup violation of -17.705 ns between design_1_i/c_addsub_0/U0/xst_addsub/i_baseblox.i_baseblox_addsub/no_pipelining.the_addsub/i_lut6.i_lut6_addsub/i_q.i_simple.qreg/i_no_async_controls.output_reg[32]_replica_1/C (clocked by lux_and_proc_clock_design_1_clk_wiz_0_0) and design_1_i/phase_increment_calc_0/inst/phase_output_reg[31]/D (clocked by lux_and_proc_clock_design_1_clk_wiz_0_0). Large setup violations at the end of those stages might be difficult to fix during the post-placement implementation flow and could be the result of non-optimal XDC constraints or non-optimal design architecture
Related violations: <none>

TIMING-16#32 Warning
Large setup violation  
There is a large setup violation of -17.726 ns between design_1_i/c_addsub_0/U0/xst_addsub/i_baseblox.i_baseblox_addsub/no_pipelining.the_addsub/i_lut6.i_lut6_addsub/i_q.i_simple.qreg/i_no_async_controls.output_reg[32]_replica_1/C (clocked by lux_and_proc_clock_design_1_clk_wiz_0_0) and design_1_i/phase_increment_calc_0/inst/phase_output_reg[29]/D (clocked by lux_and_proc_clock_design_1_clk_wiz_0_0). Large setup violations at the end of those stages might be difficult to fix during the post-placement implementation flow and could be the result of non-optimal XDC constraints or non-optimal design architecture
Related violations: <none>

TIMING-56#1 Warning
Missing logically or physically excluded clock groups constraint  
Multiple clocks are user generated or auto-derived on the source pin design_1_i/clk_wiz_0/inst/mmcm_adv_inst/CLKFBOUT but are not logically or physically exclusive with respect to one another. To have the static timing analysis match the behavior in hardware, there cannot be multiple clocks generated on the same pin and when such situation occurs, the clocks should be defined as physically or logically exclusive. The list of clocks generated on the source pin is: clkfbout_design_1_clk_wiz_0_0, clkfbout_design_1_clk_wiz_0_0_1
Related violations: <none>

TIMING-56#2 Warning
Missing logically or physically excluded clock groups constraint  
Multiple clocks are user generated or auto-derived on the source pin design_1_i/clk_wiz_0/inst/mmcm_adv_inst/CLKOUT0 but are not logically or physically exclusive with respect to one another. To have the static timing analysis match the behavior in hardware, there cannot be multiple clocks generated on the same pin and when such situation occurs, the clocks should be defined as physically or logically exclusive. The list of clocks generated on the source pin is: lux_and_proc_clock_design_1_clk_wiz_0_0
lux_and_proc_clock_design_1_clk_wiz_0_0_1
Related violations: <none>


